{'seed': 0, 'theta': [1.895, 0.185, -0.102, 0.022], 'val_f1': 0.45901639344262296, 'val_ba': 0.75, 'test_f1': 0.4444444444444444, 'test_ba': 0.7560975609756098, 'test_acc': 0.5918367346938775, 'test_drone_recall': 1.0, 'test_non_drone_recall': 0.5121951219512195}
{'seed': 1, 'theta': [0.814, 0.186, 1.342, 1.336], 'val_f1': 0.5454545454545454, 'val_ba': 0.7922077922077921, 'test_f1': 0.625, 'test_ba': 0.8650914634146342, 'test_acc': 0.8163265306122449, 'test_drone_recall': 0.9375, 'test_non_drone_recall': 0.7926829268292683}
{'seed': 2, 'theta': [1.219, 1.219, -0.219, 1.454], 'val_f1': 0.4375, 'val_ba': 0.7272727272727273, 'test_f1': 0.43243243243243246, 'test_ba': 0.7439024390243902, 'test_acc': 0.5714285714285714, 'test_drone_recall': 1.0, 'test_non_drone_recall': 0.4878048780487805}
{'seed': 3, 'theta': [1.266, 0.144, 0.631, 0.369], 'val_f1': 0.4375, 'val_ba': 0.7272727272727273, 'test_f1': 0.47058823529411764, 'test_ba': 0.7804878048780488, 'test_acc': 0.6326530612244898, 'test_drone_recall': 1.0, 'test_non_drone_recall': 0.5609756097560976}
{'seed': 4, 'theta': [1.143, 1.143, -0.5, 1.143], 'val_f1': 0.4375, 'val_ba': 0.7272727272727273, 'test_f1': 0.45714285714285713, 'test_ba': 0.7682926829268293, 'test_acc': 0.6122448979591837, 'test_drone_recall': 1.0, 'test_non_drone_recall': 0.5365853658536586}
{'seed': 5, 'theta': [1.607, 1.49, -0.607, 1.49], 'val_f1': 0.5490196078431373, 'val_ba': 0.8257575757575757, 'test_f1': 0.5517241379310345, 'test_ba': 0.8414634146341464, 'test_acc': 0.7346938775510204, 'test_drone_recall': 1.0, 'test_non_drone_recall': 0.6829268292682927}
{'seed': 6, 'theta': [-0.281, 0.778, 0.914, 1.281], 'val_f1': 0.5714285714285714, 'val_ba': 0.8073593073593073, 'test_f1': 0.5882352941176471, 'test_ba': 0.8467987804878049, 'test_acc': 0.7857142857142857, 'test_drone_recall': 0.9375, 'test_non_drone_recall': 0.7560975609756098}
{'seed': 7, 'theta': [1.124, 1.357, -0.477, 1.004], 'val_f1': 0.4307692307692308, 'val_ba': 0.7196969696969697, 'test_f1': 0.43243243243243246, 'test_ba': 0.7439024390243902, 'test_acc': 0.5714285714285714, 'test_drone_recall': 1.0, 'test_non_drone_recall': 0.4878048780487805}
{'seed': 8, 'theta': [1.208, -0.208, 0.728, -0.208], 'val_f1': 0.4444444444444444, 'val_ba': 0.7348484848484849, 'test_f1': 0.47058823529411764, 'test_ba': 0.7804878048780488, 'test_acc': 0.6326530612244898, 'test_drone_recall': 1.0, 'test_non_drone_recall': 0.5609756097560976}
{'seed': 9, 'theta': [1.341, 0.669, -0.341, -0.341], 'val_f1': 0.4745762711864407, 'val_ba': 0.7651515151515151, 'test_f1': 0.47058823529411764, 'test_ba': 0.7804878048780488, 'test_acc': 0.6326530612244898, 'test_drone_recall': 1.0, 'test_non_drone_recall': 0.5609756097560976}
{'seed': 10, 'theta': [1.405, -0.405, 1.405, 1.405], 'val_f1': 0.5853658536585366, 'val_ba': 0.8149350649350648, 'test_f1': 0.6382978723404256, 'test_ba': 0.8711890243902439, 'test_acc': 0.826530612244898, 'test_drone_recall': 0.9375, 'test_non_drone_recall': 0.8048780487804879}
{'seed': 11, 'theta': [1.321, 0.477, -0.321, -0.321], 'val_f1': 0.45901639344262296, 'val_ba': 0.75, 'test_f1': 0.45714285714285713, 'test_ba': 0.7682926829268293, 'test_acc': 0.6122448979591837, 'test_drone_recall': 1.0, 'test_non_drone_recall': 0.5365853658536586}
{'seed': 12, 'theta': [0.823, 0.823, 1.183, -1.155], 'val_f1': 0.5581395348837209, 'val_ba': 0.7997835497835497, 'test_f1': 0.6, 'test_ba': 0.8528963414634146, 'test_acc': 0.7959183673469388, 'test_drone_recall': 0.9375, 'test_non_drone_recall': 0.7682926829268293}
{'seed': 13, 'theta': [1.211, -0.225, 1.225, 1.211], 'val_f1': 0.5581395348837209, 'val_ba': 0.7997835497835497, 'test_f1': 0.6, 'test_ba': 0.8528963414634146, 'test_acc': 0.7959183673469388, 'test_drone_recall': 0.9375, 'test_non_drone_recall': 0.7682926829268293}
{'seed': 14, 'theta': [1.889, 1.889, 1.991, 2.093], 'val_f1': 0.625, 'val_ba': 0.7965367965367965, 'test_f1': 0.6666666666666666, 'test_ba': 0.8452743902439024, 'test_acc': 0.8673469387755102, 'test_drone_recall': 0.8125, 'test_non_drone_recall': 0.8780487804878049}
{'seed': 15, 'theta': [1.448, 1.031, -0.031, -0.031], 'val_f1': 0.45161290322580644, 'val_ba': 0.7424242424242424, 'test_f1': 0.47058823529411764, 'test_ba': 0.7804878048780488, 'test_acc': 0.6326530612244898, 'test_drone_recall': 1.0, 'test_non_drone_recall': 0.5609756097560976}
{'seed': 16, 'theta': [1.911, 2.267, 2.054, 1.911], 'val_f1': 0.6451612903225806, 'val_ba': 0.8041125541125541, 'test_f1': 0.7058823529411765, 'test_ba': 0.8384146341463414, 'test_acc': 0.8979591836734694, 'test_drone_recall': 0.75, 'test_non_drone_recall': 0.926829268292683}
{'seed': 17, 'theta': [0.95, 1.109, 1.5, -0.5], 'val_f1': 0.5106382978723404, 'val_ba': 0.7694805194805194, 'test_f1': 0.5357142857142857, 'test_ba': 0.8163109756097561, 'test_acc': 0.7346938775510204, 'test_drone_recall': 0.9375, 'test_non_drone_recall': 0.6951219512195121}
{'seed': 18, 'theta': [1.147, -0.147, 0.212, 0.788], 'val_f1': 0.4444444444444444, 'val_ba': 0.7348484848484849, 'test_f1': 0.4507042253521127, 'test_ba': 0.7621951219512195, 'test_acc': 0.6020408163265306, 'test_drone_recall': 1.0, 'test_non_drone_recall': 0.524390243902439}
{'seed': 19, 'theta': [1.374, -0.374, 1.071, 1.668], 'val_f1': 0.5365853658536586, 'val_ba': 0.7716450216450217, 'test_f1': 0.6122448979591837, 'test_ba': 0.8589939024390244, 'test_acc': 0.8061224489795918, 'test_drone_recall': 0.9375, 'test_non_drone_recall': 0.7804878048780488}

SUMMARY over 20 SPSA seeds
       val_f1  test_f1  test_acc  test_ba  test_drone_recall
count  20.000   20.000    20.000   20.000             20.000
mean    0.508    0.534     0.708    0.808              0.956
std     0.069    0.088     0.108    0.045              0.068
min     0.431    0.432     0.571    0.744              0.750
25%     0.444    0.457     0.612    0.768              0.938
50%     0.493    0.503     0.684    0.798              1.000
75%     0.558    0.603     0.798    0.848              1.000
max     0.645    0.706     0.898    0.871              1.000

seed chosen by best VALIDATION F1: 16 -> test F1 0.706
