STAGE 5 INITIAL ESTIMATE: 4 qubits, 24 balanced recordings, clean, validation=80, test=98, estimated fidelity evaluations<=17268
ESTIMATE fixed_qsvc: qubits=4, train_recordings=24, validation_recordings=80, test_recordings=98, evaluations<=4548, feature_map=zz_reps1_linear, seed=42
ESTIMATE trainable_qsvc: qubits=4, train_recordings=24, validation_recordings=80, test_recordings=98, evaluations<=7860, feature_map=trainable_product_reps1_linear, seed=42
  trainable restart 1/10: seed=42000, validation F1=0.274
  trainable restart 2/10: seed=42001, validation F1=0.426
  trainable restart 3/10: seed=42002, validation F1=0.270
  trainable restart 4/10: seed=42003, validation F1=0.340
  trainable restart 5/10: seed=42004, validation F1=0.340
  trainable restart 6/10: seed=42005, validation F1=0.433
  trainable restart 7/10: seed=42006, validation F1=0.400
  trainable restart 8/10: seed=42007, validation F1=0.448
  trainable restart 9/10: seed=42008, validation F1=0.480
  trainable restart 10/10: seed=42009, validation F1=0.407
STAGE 5 INITIAL TEST COMPARISON
         model  accuracy       f1  balanced_accuracy  drone_recall  non_drone_recall
       rbf_svm  0.683673 0.491803           0.785823        0.9375          0.634146
     small_mlp  0.836735 0.000000           0.500000        0.0000          1.000000
    fixed_qsvc  0.632653 0.307692           0.579268        0.5000          0.658537
trainable_qsvc  0.642857 0.444444           0.736280        0.8750          0.597561
ESTIMATE fixed_qsvc: qubits=4, train_recordings=24, validation_recordings=80, test_recordings=98, evaluations<=13956, feature_map=zz_reps1_linear, seed=42
ESTIMATE fixed_qsvc: qubits=4, train_recordings=50, validation_recordings=80, test_recordings=98, evaluations<=29725, feature_map=zz_reps1_linear, seed=42
ESTIMATE fixed_qsvc: qubits=4, train_recordings=70, validation_recordings=80, test_recordings=98, evaluations<=42315, feature_map=zz_reps1_linear, seed=42
ESTIMATE fixed_qsvc: qubits=5, train_recordings=24, validation_recordings=80, test_recordings=98, evaluations<=13956, feature_map=zz_reps1_linear, seed=42
ESTIMATE fixed_qsvc: qubits=5, train_recordings=50, validation_recordings=80, test_recordings=98, evaluations<=29725, feature_map=zz_reps1_linear, seed=42
ESTIMATE fixed_qsvc: qubits=5, train_recordings=70, validation_recordings=80, test_recordings=98, evaluations<=42315, feature_map=zz_reps1_linear, seed=42
ESTIMATE fixed_qsvc: qubits=6, train_recordings=24, validation_recordings=80, test_recordings=98, evaluations<=13956, feature_map=zz_reps1_linear, seed=42
ESTIMATE fixed_qsvc: qubits=6, train_recordings=50, validation_recordings=80, test_recordings=98, evaluations<=29725, feature_map=zz_reps1_linear, seed=42
ESTIMATE fixed_qsvc: qubits=6, train_recordings=70, validation_recordings=80, test_recordings=98, evaluations<=42315, feature_map=zz_reps1_linear, seed=42
Stage 5 results saved to /Users/srikarreddy/Documents/hackathon/hackathon3/QSky-Mizzou-Quantum-Hackathon/results/quantum/ideal_simulator_results.csv
Kernel matrices cached under /Users/srikarreddy/Documents/hackathon/hackathon3/QSky-Mizzou-Quantum-Hackathon/results/quantum/kernels
{'initial_rows': 12, 'expanded_rows': 125, 'expanded': True}
